Log file open, 01/28/26 14:31:18
LogWindows: Enabling Tpause support
LogTrace: Initializing trace...
LogTrace: Finished trace initialization.
LogInit: Session CrashGUID >====================================================
         Session CrashGUID >   UECC-Windows-29D6AA244930A1D948B252ADC78899C3
         Session CrashGUID >====================================================
LogConfig: No local boot hotfix file found at: [../../../../../../Users/Yunus/OneDrive/Desktop/GitHub Repos/BoneFrenzy/RogueLike_Beat/Saved/PersistentDownloadDir/HotfixForNextBoot.txt]
LogPluginManager: Mounting Engine plugin PlatformCrypto
LogInit: ExecutableName: UnrealPak.exe
LogInit: Build: ++UE5+Release-5.5-CL-40574608
LogInit: Platform=WindowsEditor
LogInit: MachineId=7aad1591482c6fd64a0634bc57b39267
LogInit: DeviceId=
LogInit: Engine Version: 5.5.4-40574608+++UE5+Release-5.5
LogInit: Compatible Engine Version: 5.5.0-37670630+++UE5+Release-5.5
LogInit: Net CL: 37670630
LogInit: OS: Windows 11 (25H2) [10.0.26200.7623] (), CPU: 13th Gen Intel(R) Core(TM) i9-13900HX, GPU: Intel(R) UHD Graphics
LogInit: Compiled (64-bit): Mar  7 2025 14:59:45
LogInit: Architecture: x64
LogInit: Compiled with Visual C++: 19.38.33130.00
LogInit: Build Configuration: Development
LogInit: Branch Name: ++UE5+Release-5.5
LogInit: Command Line: -CreateGlobalContainer="C:\Users\Yunus\OneDrive\Desktop\GitHub Repos\BoneFrenzy\RogueLike_Beat\Saved\StagedBuilds\Windows\RogueLike_Beat\Content\Paks\global.utoc" -PackageStoreManifest="C:\Users\Yunus\OneDrive\Desktop\GitHub Repos\BoneFrenzy\RogueLike_Beat\Saved\Cooked\Windows\RogueLike_Beat\Metadata\packagestore.manifest" -CookedDirectory="C:\Users\Yunus\OneDrive\Desktop\GitHub Repos\BoneFrenzy\RogueLike_Beat\Saved\Cooked\Windows" -Commands="C:\Users\Yunus\AppData\Roaming\Unreal Engine\AutomationTool\Logs\C+Program+Files+Epic+Games+UE_5.5\IoStoreCommands.txt" -ScriptObjects="C:\Users\Yunus\OneDrive\Desktop\GitHub Repos\BoneFrenzy\RogueLike_Beat\Saved\Cooked\Windows\RogueLike_Beat\Metadata\scriptobjects.bin" -patchpaddingalign=2048 -compressionformats=Oodle -compresslevel=4 -compressmethod=Kraken -cryptokeys="C:\Users\Yunus\OneDrive\Desktop\GitHub Repos\BoneFrenzy\RogueLike_Beat\Saved\Cooked\Windows\RogueLike_Beat\Metadata\Crypto.json" -compressionMinBytesSaved=1024 -compressionMinPercentSaved=5 -WriteBackMetadataToAssetRegistry=Disabled -nopak
LogInit: Base Directory: C:/Program Files/Epic Games/UE_5.5/Engine/Binaries/Win64/
LogInit: Allocator: Mimalloc
LogInit: Installed Engine Build: 1
LogInit: This binary is optimized with LTO: no, PGO: no, instrumented for PGO data collection: no
LogDevObjectVersion: Number of dev versions registered: 35
LogDevObjectVersion:   Dev-Blueprints (B0D832E4-1F89-4F0D-ACCF-7EB736FD4AA2): 10
LogDevObjectVersion:   Dev-Build (E1C64328-A22C-4D53-A36C-8E866417BD8C): 0
LogDevObjectVersion:   Dev-Core (375EC13C-06E4-48FB-B500-84F0262A717E): 4
LogDevObjectVersion:   Dev-Editor (E4B068ED-F494-42E9-A231-DA0B2E46BB41): 40
LogDevObjectVersion:   Dev-Framework (CFFC743F-43B0-4480-9391-14DF171D2073): 37
LogDevObjectVersion:   Dev-Mobile (B02B49B5-BB20-44E9-A304-32B752E40360): 3
LogDevObjectVersion:   Dev-Networking (A4E4105C-59A1-49B5-A7C5-40C4547EDFEE): 0
LogDevObjectVersion:   Dev-Online (39C831C9-5AE6-47DC-9A44-9C173E1C8E7C): 0
LogDevObjectVersion:   Dev-Physics (78F01B33-EBEA-4F98-B9B4-84EACCB95AA2): 20
LogDevObjectVersion:   Dev-Platform (6631380F-2D4D-43E0-8009-CF276956A95A): 0
LogDevObjectVersion:   Dev-Rendering (12F88B9F-8875-4AFC-A67C-D90C383ABD29): 49
LogDevObjectVersion:   Dev-Sequencer (7B5AE74C-D270-4C10-A958-57980B212A5A): 13
LogDevObjectVersion:   Dev-VR (D7296918-1DD6-4BDD-9DE2-64A83CC13884): 3
LogDevObjectVersion:   Dev-LoadTimes (C2A15278-BFE7-4AFE-6C17-90FF531DF755): 1
LogDevObjectVersion:   Private-Geometry (6EACA3D4-40EC-4CC1-B786-8BED09428FC5): 3
LogDevObjectVersion:   Dev-AnimPhys (29E575DD-E0A3-4627-9D10-D276232CDCEA): 17
LogDevObjectVersion:   Dev-Anim (AF43A65D-7FD3-4947-9873-3E8ED9C1BB05): 15
LogDevObjectVersion:   Dev-ReflectionCapture (6B266CEC-1EC7-4B8F-A30B-E4D90942FC07): 1
LogDevObjectVersion:   Dev-Automation (0DF73D61-A23F-47EA-B727-89E90C41499A): 1
LogDevObjectVersion:   FortniteMain (601D1886-AC64-4F84-AA16-D3DE0DEAC7D6): 170
LogDevObjectVersion:   FortniteValkyrie (8DBC2C5B-54A7-43E0-A768-FCBB7DA29060): 8
LogDevObjectVersion:   FortniteSeason (5B4C06B7-2463-4AF8-805B-BF70CDF5D0DD): 13
LogDevObjectVersion:   FortniteRelease (E7086368-6B23-4C58-8439-1B7016265E91): 15
LogDevObjectVersion:   Dev-Enterprise (9DFFBCD6-494F-0158-E221-12823C92A888): 10
LogDevObjectVersion:   Dev-Niagara (F2AED0AC-9AFE-416F-8664-AA7FFA26D6FC): 1
LogDevObjectVersion:   Dev-Destruction (174F1F0B-B4C6-45A5-B13F-2EE8D0FB917D): 10
LogDevObjectVersion:   Dev-Physics-Ext (35F94A83-E258-406C-A318-09F59610247C): 41
LogDevObjectVersion:   Dev-PhysicsMaterial-Chaos (B68FC16E-8B1B-42E2-B453-215C058844FE): 1
LogDevObjectVersion:   Dev-CineCamera (B2E18506-4273-CFC2-A54E-F4BB758BBA07): 1
LogDevObjectVersion:   Dev-VirtualProduction (64F58936-FD1B-42BA-BA96-7289D5D0FA4E): 1
LogDevObjectVersion:   UE5-Main (697DD581-E64F-41AB-AA4A-51ECBEB7B628): 119
LogDevObjectVersion:   UE5-Release (D89B5E42-24BD-4D46-8412-ACA8DF641779): 51
LogDevObjectVersion:   UE5-PrivateFrosty (59DA5D52-1232-4948-B878-597870B8E98B): 8
LogDevObjectVersion:   Dev-MediaFramework (6F0ED827-A609-4895-9C91-998D90180EA4): 2
LogDevObjectVersion:   Dev-NaniteResearch (30D58BE3-95EA-4282-A6E3-B159D8EBB06A): 1
LogConfig: Branch 'PlatformCrypto' had been unloaded. Reloading on-demand took 0.36ms
LogInit: Presizing for max 100000 objects, including 0 objects not considered by GC.
LogInit: Object subsystem initialized
LogConfig: Applying CVar settings from Section [Startup] File [../../../Engine/Config/ConsoleVariables.ini]
[2026.01.28-11.31.18:896][  0]LogConfig: CVar [[r.DumpShaderDebugInfo:2]] deferred - dummy variable created
[2026.01.28-11.31.18:896][  0]LogConfig: CVar [[p.chaos.AllowCreatePhysxBodies:1]] deferred - dummy variable created
[2026.01.28-11.31.18:896][  0]LogConfig: CVar [[fx.SkipVectorVMBackendOptimizations:1]] deferred - dummy variable created
[2026.01.28-11.31.18:896][  0]LogConfig: CVar [[ds.CADTranslator.Meshing.ActivateThinZoneMeshing:0]] deferred - dummy variable created
[2026.01.28-11.31.18:896][  0]LogConfig: CVar [[ds.CADTranslator.Stitching.RemoveThinFaces:0]] deferred - dummy variable created
[2026.01.28-11.31.18:896][  0]LogConfig: Applying CVar settings from Section [Startup_Windows] File [../../../Engine/Config/ConsoleVariables.ini]
[2026.01.28-11.31.18:896][  0]LogConfig: Applying CVar settings from Section [ConsoleVariables] File [Engine]
[2026.01.28-11.31.18:896][  0]LogConfig: Set CVar [[memory.MemoryPressureCriticalThresholdMB:512]]
[2026.01.28-11.31.18:896][  0]LogInit: Computer: DESKTOP-P5NTSU7
[2026.01.28-11.31.18:896][  0]LogInit: User: Yunus
[2026.01.28-11.31.18:896][  0]LogInit: CPU Page size=4096, Cores=24
[2026.01.28-11.31.18:896][  0]LogInit: High frequency timer resolution =10.000000 MHz
[2026.01.28-11.31.19:068][  0]LogMemory: Process is running as part of a Windows Job with separate resource limits
[2026.01.28-11.31.19:068][  0]LogMemory: Memory total: Physical=31.7GB (32GB approx) Virtual=34.8GB
[2026.01.28-11.31.19:068][  0]LogMemory: Platform Memory Stats for WindowsEditor
[2026.01.28-11.31.19:068][  0]LogMemory: Process Physical Memory: 66.36 MB used, 67.14 MB peak
[2026.01.28-11.31.19:068][  0]LogMemory: Process Virtual Memory: 152.79 MB used, 152.79 MB peak
[2026.01.28-11.31.19:068][  0]LogMemory: Physical Memory: 21115.16 MB used,  11346.33 MB free, 32461.49 MB total
[2026.01.28-11.31.19:068][  0]LogMemory: Virtual Memory: 27530.89 MB used,  8081.06 MB free, 35611.95 MB total
[2026.01.28-11.31.19:073][  0]LogAssetRegistry: FAssetRegistry took 0.0001 seconds to start up
[2026.01.28-11.31.19:074][  0]LogUObjectArray: 438 objects as part of root set at end of initial load.
[2026.01.28-11.31.19:074][  0]LogUObjectArray: CloseDisregardForGC: 0/0 objects in disregard for GC pool
[2026.01.28-11.31.19:074][  0]LogInit: Using OS detected language ().
[2026.01.28-11.31.19:074][  0]LogInit: Using OS detected locale ().
[2026.01.28-11.31.19:075][  0]LogTextLocalizationManager: No localization for '' exists, so 'en' will be used for the language.
[2026.01.28-11.31.19:075][  0]LogTextLocalizationManager: No localization for '' exists, so 'en' will be used for the locale.
[2026.01.28-11.31.19:075][  0]LogInit: Using OS detected language ().
[2026.01.28-11.31.19:075][  0]LogInit: Using OS detected locale ().
[2026.01.28-11.31.19:075][  0]LogTextLocalizationManager: No localization for '' exists, so 'en' will be used for the language.
[2026.01.28-11.31.19:075][  0]LogTextLocalizationManager: No localization for '' exists, so 'en' will be used for the locale.
[2026.01.28-11.31.19:076][  0]LogPakFile: Display: ProjectDir: ../../../../../../Users/Yunus/OneDrive/Desktop/GitHub Repos/BoneFrenzy/RogueLike_Beat/
[2026.01.28-11.31.19:077][  0]LogIoStore: Display: ==================== IoStore Utils ====================
[2026.01.28-11.31.19:078][  0]LogIoStore: Display: Parsing crypto keys from a crypto key cache file 'C:\Users\Yunus\OneDrive\Desktop\GitHub Repos\BoneFrenzy\RogueLike_Beat\Saved\Cooked\Windows\RogueLike_Beat\Metadata\Crypto.json'
[2026.01.28-11.31.19:081][  0]LogIoStore: Display: Container signing - DISABLED
[2026.01.28-11.31.19:081][  0]LogIoStore: Display: Directory index - ENABLED
[2026.01.28-11.31.19:081][  0]LogIoStore: Display: Using compression format 'Oodle'
[2026.01.28-11.31.19:081][  0]LogIoStore: Display: Using memory mapping alignment '16384'
[2026.01.28-11.31.19:081][  0]LogIoStore: Display: Using compression block size '65536'
[2026.01.28-11.31.19:081][  0]LogIoStore: Display: Using compression block alignment '2048'
[2026.01.28-11.31.19:081][  0]LogIoStore: Display: Using compression min bytes saved '1024'
[2026.01.28-11.31.19:081][  0]LogIoStore: Display: Using compression min percent saved '5'
[2026.01.28-11.31.19:081][  0]LogIoStore: Display: Using max partition size '0'
[2026.01.28-11.31.19:081][  0]LogIoStore: Display: Not using DDC for compression
[2026.01.28-11.31.19:081][  0]LogIoStore: Display: Using command list file: 'C:\Users\Yunus\AppData\Roaming\Unreal Engine\AutomationTool\Logs\C+Program+Files+Epic+Games+UE_5.5\IoStoreCommands.txt'
[2026.01.28-11.31.19:098][  0]LogIoStore: Display: Selected Oodle level 4 (Normal) from command line for shaders
[2026.01.28-11.31.19:099][  0]LogIoStore: Display: Fetched 612 oplog items from Manifest in 0.00 seconds
[2026.01.28-11.31.19:102][  0]LogIoStore: Display: Parsed 612 oplog items 0.00 seconds, 769 chunks
[2026.01.28-11.31.19:105][  0]LogIoStore: Display: Using input asset registry: C:/Users/Yunus/OneDrive/Desktop/GitHub Repos/BoneFrenzy/RogueLike_Beat/Saved/Cooked/Windows/RogueLike_Beat/Metadata/DevelopmentAssetRegistry.bin
[2026.01.28-11.31.19:114][  0]LogIoStore: Display: Loaded 164 chunk hashes from AssetRegistry in 0.01 seconds, 164 hashes updated in 0.00 seconds
[2026.01.28-11.31.19:115][  0]LogIoStore: Display: Searching for cooked assets in folder 'C:\Users\Yunus\OneDrive\Desktop\GitHub Repos\BoneFrenzy\RogueLike_Beat\Saved\Cooked\Windows'
[2026.01.28-11.31.19:123][  0]LogIoStore: Display: Found '1382' files
[2026.01.28-11.31.19:129][  0]LogIoStore: Display: Creating container targets...
[2026.01.28-11.31.19:131][  0]OodleDataCompression: Display: Oodle v2.9.12 format for pak/iostore with method=Kraken, level=4=Normal
[2026.01.28-11.31.19:167][  0]LogIoStore: Display: Parsing packages...
[2026.01.28-11.31.19:168][  0]LogIoStore: Display: Reading package assets...
[2026.01.28-11.31.19:175][  0]LogIoStore: Display: Packages read 605 files in 0.01 seconds, 955,038 total bytes, 138,367,186 bytes per second
[2026.01.28-11.31.19:179][  0]LogIoStore: Display: Processing shader libraries, compressing with Oodle Mermaid, level 4 (Normal)
[2026.01.28-11.31.19:191][  0]LogShaderLibrary: Display: Created IoStoreShaderArchive header: shaders grouped in 360 groups (135 of them didn't need new indices), average uncompressed size 155800 bytes, min 249 bytes, max 1047981 bytes (r.ShaderCodeLibrary.MaxShaderGroupSize=1048576)
[2026.01.28-11.31.19:255][  0]LogIoStore: Display: Global-PCD3D_SM5(PCD3D_SM5): Recompressed 3915 shaders as 360 groups. Library size changed from 12619 KB (4.34 : 1 ratio) to 5556 KB (9.86 : 1 ratio), 44.03% of previous.
[2026.01.28-11.31.19:304][  0]LogShaderLibrary: Display: Created IoStoreShaderArchive header: shaders grouped in 542 groups (183 of them didn't need new indices), average uncompressed size 211303 bytes, min 1249 bytes, max 1045875 bytes (r.ShaderCodeLibrary.MaxShaderGroupSize=1048576)
[2026.01.28-11.31.19:565][  0]LogIoStore: Display: Global-PCD3D_SM6(PCD3D_SM6): Recompressed 7584 shaders as 542 groups. Library size changed from 85603 KB (1.31 : 1 ratio) to 48196 KB (2.32 : 1 ratio), 56.30% of previous.
[2026.01.28-11.31.19:573][  0]LogShaderLibrary: Display: Created IoStoreShaderArchive header: shaders grouped in 169 groups (60 of them didn't need new indices), average uncompressed size 69322 bytes, min 490 bytes, max 965040 bytes (r.ShaderCodeLibrary.MaxShaderGroupSize=1048576)
[2026.01.28-11.31.19:591][  0]LogIoStore: Display: RogueLike_Beat-PCD3D_SM5(PCD3D_SM5): Recompressed 981 shaders as 169 groups. Library size changed from 3095 KB (3.70 : 1 ratio) to 1446 KB (7.91 : 1 ratio), 46.72% of previous.
[2026.01.28-11.31.19:602][  0]LogShaderLibrary: Display: Created IoStoreShaderArchive header: shaders grouped in 196 groups (49 of them didn't need new indices), average uncompressed size 138228 bytes, min 2342 bytes, max 968129 bytes (r.ShaderCodeLibrary.MaxShaderGroupSize=1048576)
[2026.01.28-11.31.19:659][  0]LogIoStore: Display: RogueLike_Beat-PCD3D_SM6(PCD3D_SM6): Recompressed 2049 shaders as 196 groups. Library size changed from 20154 KB (1.31 : 1 ratio) to 13492 KB (1.96 : 1 ratio), 66.94% of previous.
[2026.01.28-11.31.19:662][  0]LogIoStore: Display: Shaders processed in 0.48 seconds
[2026.01.28-11.31.19:663][  0]LogIoStore: Display: Initialized WriteRequestManager with MaxConcurrentSourceReads=16 (32 cores), MaxSourceBufferMemory=3072MiB
[2026.01.28-11.31.19:664][  0]LogIoStore: Display: Processing redirects...
[2026.01.28-11.31.19:664][  0]LogIoStore: Display: Creating disk layout...
[2026.01.28-11.31.19:665][  0]LogIoStore: Display: Ordered 605 packages using fallback bundle order
[2026.01.28-11.31.19:676][  0]LogIoStore: Display: Serializing container(s)...
[2026.01.28-11.31.20:172][  0]LogIoStore: Display: Writing and compressing took 0.42 seconds, writes to disk took 0.22 seconds for 229,452,240 bytes @ 1,066,846,076 bytes per second.
[2026.01.28-11.31.20:172][  0]LogIoStore: Display: global: Found perfect hashmap for 1 items.
[2026.01.28-11.31.20:173][  0]LogIoStore: Display: RogueLike_Beat-Windows: Found perfect hashmap for 2039 items.
[2026.01.28-11.31.20:177][  0]LogIoStore: Display: Finalize took 0.0 seconds for 2 writers to write 215,956 bytes, 39,070,794 bytes per second
[2026.01.28-11.31.20:177][  0]LogIoStore: Display: Writing tocs... [Physical: 894 MiB, Virtual: 3700 MiB]
[2026.01.28-11.31.20:177][  0]LogIoStore: Display: 164 / 2,040 hashes were loaded from the hash database, by type:
[2026.01.28-11.31.20:178][  0]LogIoStore: Display:     BulkData                   164
[2026.01.28-11.31.20:178][  0]LogIoStore: Display: 769 / 2,040 chunks attempted to compress, by type:
[2026.01.28-11.31.20:178][  0]LogIoStore: Display:     ExportBundleData           605 / 605
[2026.01.28-11.31.20:178][  0]LogIoStore: Display:     BulkData                   164 / 164
[2026.01.28-11.31.20:178][  0]LogIoStore: Display:     ScriptObjects              0 / 1
[2026.01.28-11.31.20:178][  0]LogIoStore: Display:     ContainerHeader            0 / 1
[2026.01.28-11.31.20:178][  0]LogIoStore: Display:     ShaderCodeLibrary          0 / 4
[2026.01.28-11.31.20:178][  0]LogIoStore: Display:     ShaderCode                 0 / 1,265
[2026.01.28-11.31.20:178][  0]LogIoStore: Display: Source bytes read:
[2026.01.28-11.31.20:178][  0]LogIoStore: Display:     Zen:                                  0
[2026.01.28-11.31.20:178][  0]LogIoStore: Display:     Loose File:                 466,495,629
[2026.01.28-11.31.20:178][  0]LogIoStore: Display:         ExportBundleData        398,276,764 bytes over 1,210 reads
[2026.01.28-11.31.20:178][  0]LogIoStore: Display:         BulkData                 68,218,865 bytes over 164 reads
[2026.01.28-11.31.20:178][  0]LogIoStore: Display:     Memory:                     141,855,486
[2026.01.28-11.31.20:178][  0]LogIoStore: Display:         ShaderCodeLibrary         1,180,168 bytes over 8 reads
[2026.01.28-11.31.20:178][  0]LogIoStore: Display:         ShaderCode              140,675,318 bytes over 2,530 reads
[2026.01.28-11.31.20:178][  0]LogIoStore: Display: Calculating stats...
[2026.01.28-11.31.20:178][  0]LogIoStore: Display: 
[2026.01.28-11.31.20:178][  0]LogIoStore: Display: Container Summary
[2026.01.28-11.31.20:178][  0]LogIoStore: Display: ==================
[2026.01.28-11.31.20:178][  0]LogIoStore: Display: 
[2026.01.28-11.31.20:178][  0]LogIoStore: Display: Container                                               Flags      Chunk(s) #       TOC (KiB)       Raw Size (MiB)           Size (MiB)
[2026.01.28-11.31.20:178][  0]LogIoStore: Display: ----------------------------------------------------------------------------------------------------------------------------------------------
[2026.01.28-11.31.20:178][  0]LogIoStore: Display: global                                              -/-/-/-/-               1            0.62                 2.29                 2.29 -
[2026.01.28-11.31.20:178][  0]LogIoStore: Display: RogueLike_Beat-Windows                              C/-/-/I/-            2039          210.27               324.72               216.53 (33.32% Oodle)
[2026.01.28-11.31.20:178][  0]LogIoStore: Display: ----------------------------------------------------------------------------------------------------------------------------------------------
[2026.01.28-11.31.20:178][  0]LogIoStore: Display: Total                                                                    2040          210.89               327.01               218.82
[2026.01.28-11.31.20:178][  0]LogIoStore: Display: 
[2026.01.28-11.31.20:178][  0]LogIoStore: Display: ** Flags: (C)ompressed / (E)ncrypted / (S)igned) / (I)ndexed) / (O)nDemand **
[2026.01.28-11.31.20:178][  0]LogIoStore: Display: 
[2026.01.28-11.31.20:178][  0]LogIoStore: Display: Compression block padding:     1.52 MiB
[2026.01.28-11.31.20:178][  0]LogIoStore: Display: 
[2026.01.28-11.31.20:178][  0]LogIoStore: Display: Container Directory Index
[2026.01.28-11.31.20:178][  0]LogIoStore: Display: ==========================
[2026.01.28-11.31.20:178][  0]LogIoStore: Display: 
[2026.01.28-11.31.20:178][  0]LogIoStore: Display: Container                                          Size (KiB)
[2026.01.28-11.31.20:178][  0]LogIoStore: Display: ----------------------------------------------------------------------------------------------------------------------------------------------
[2026.01.28-11.31.20:178][  0]LogIoStore: Display: global                                                   0.00
[2026.01.28-11.31.20:178][  0]LogIoStore: Display: RogueLike_Beat-Windows                                  35.31
[2026.01.28-11.31.20:178][  0]LogIoStore: Display: 
[2026.01.28-11.31.20:178][  0]LogIoStore: Display: Container Patch Report
[2026.01.28-11.31.20:178][  0]LogIoStore: Display: ========================
[2026.01.28-11.31.20:178][  0]LogIoStore: Display: 
[2026.01.28-11.31.20:178][  0]LogIoStore: Display: Container                                             Total #       Modified #          Added #   Modified (MiB)      Added (MiB)
[2026.01.28-11.31.20:178][  0]LogIoStore: Display: ----------------------------------------------------------------------------------------------------------------------------------------------
[2026.01.28-11.31.20:178][  0]LogIoStore: Display: global                                                      1                0                0             0.00             0.00
[2026.01.28-11.31.20:179][  0]LogIoStore: Display: RogueLike_Beat-Windows                                   2039                0             2039             0.00           215.01
[2026.01.28-11.31.20:179][  0]LogIoStore: Display: 
[2026.01.28-11.31.20:179][  0]LogIoStore: Display: PackageStore
[2026.01.28-11.31.20:179][  0]LogIoStore: Display: =============
[2026.01.28-11.31.20:179][  0]LogIoStore: Display: 
[2026.01.28-11.31.20:179][  0]LogIoStore: Display: Container                                          Size (KiB)      Packages #     Localized #
[2026.01.28-11.31.20:179][  0]LogIoStore: Display: ----------------------------------------------------------------------------------------------------------------------------------------------
[2026.01.28-11.31.20:179][  0]LogIoStore: Display: RogueLike_Beat-Windows                                     20             605               0
[2026.01.28-11.31.20:179][  0]LogIoStore: Display: ----------------------------------------------------------------------------------------------------------------------------------------------
[2026.01.28-11.31.20:179][  0]LogIoStore: Display: Total                                                      20             605               0
[2026.01.28-11.31.20:179][  0]LogIoStore: Display: 
[2026.01.28-11.31.20:179][  0]LogIoStore: Display: 
[2026.01.28-11.31.20:179][  0]LogIoStore: Display: Input:       605 Packages
[2026.01.28-11.31.20:179][  0]LogIoStore: Display: Input:      0.19 GB UExp
[2026.01.28-11.31.20:179][  0]LogIoStore: Display: Input:      0.00 GB UAsset
[2026.01.28-11.31.20:179][  0]LogIoStore: Display: Input:      0.06 GB UBulk
[2026.01.28-11.31.20:179][  0]LogIoStore: Display: Input:     52.49 MB for 902 Global shaders
[2026.01.28-11.31.20:179][  0]LogIoStore: Display: Input:      1.51 MB for 150 Shared shaders
[2026.01.28-11.31.20:179][  0]LogIoStore: Display: Input:      0.00 MB for 0 Unique shaders
[2026.01.28-11.31.20:179][  0]LogIoStore: Display: Input:     13.08 MB for 213 Inline shaders
[2026.01.28-11.31.20:179][  0]LogIoStore: Display: 
[2026.01.28-11.31.20:179][  0]LogIoStore: Display: Output:     6089 Name map entries
[2026.01.28-11.31.20:179][  0]LogIoStore: Display: Output:      687 Imported package entries
[2026.01.28-11.31.20:179][  0]LogIoStore: Display: Output:      321 Packages without imports
[2026.01.28-11.31.20:179][  0]LogIoStore: Display: Output:        0 Public runtime script objects
[2026.01.28-11.31.20:179][  0]LogIoStore: Display: Output:     0.00 GB HeaderData
[2026.01.28-11.31.20:179][  0]LogIoStore: Display: Output:     2.29 MB InitialLoadData
[2026.01.28-11.31.20:179][  0]LogIoStore: Display: 
[2026.01.28-11.31.20:183][  0]LogPakFile: Display: UnrealPak executed in 1.107483 seconds
[2026.01.28-11.31.20:188][  0]LogCore: Engine exit requested (reason: UnrealPak Exiting)
[2026.01.28-11.31.20:188][  0]LogExit: Preparing to exit.
[2026.01.28-11.31.20:189][  0]LogExit: Object subsystem successfully closed.
[2026.01.28-11.31.20:190][  0]LogPakFile: Destroying PakPlatformFile
[2026.01.28-11.31.20:192][  0]LogExit: Exiting.
[2026.01.28-11.31.20:203][  0]Log file closed, 01/28/26 14:31:20
